=== Path-B sweep (K=19) τ=100000 ===
  K=19 pool: ['yekenot', 'cb_v4', 'hgbc_deep', 'd16_orig', 'qAT', 'qAV', 'qAO', 'qAA', 'qAF', 'qAK', 'K27_100k', 'seg_fe', 'HMM', 'R12_cb_horizon', 'R13_cb_stint_completion', 'R14_tabm', 'R15_xendcg_per_seg', 'R17_listwise_race_lap', 'd21_membership_inference']
  R5.2 baseline (Compound×Stint τ=100k) OOF: 0.95446

  -- segmentation: driverclass_stint --
     DriverClass×Stint: 12 segments, 10 above MIN_ROWS=1000
    fold 1: 69.0s  (segments used: 10/12)
    fold 2: 67.7s  (segments used: 10/12)
    fold 3: 58.3s  (segments used: 10/12)
    fold 4: 64.2s  (segments used: 10/12)
    fold 5: 63.1s  (segments used: 10/12)
     OOF AUC: 0.95452  Δ vs R5.2 = +0.552 bp
     ρ_test vs R5.2: 0.999343
     Wrote submission: submissions/submission_K19_pathb_driverclass_stint_tau100000.csv

=== Summary (multi-segmentation Path-B) ===
segmentation                        OOF     Δ_bp     ρ_R52
------------------------------------------------------------
DriverClass×Stint             0.95452   +0.552  0.999343 ★

  Survivors (Δ ≥ +0.10 bp): ['driverclass_stint']
  Total wall: 410.8s
  Wrote summary: audit/2026-05-29-K19-pathb-d21.json
